src/check-ead-data.ts(28,24): error TS2769: No overload matches this call.
  Overload 1 of 3, '(left: PgColumn<{ name: "prc_date"; tableName: "frs9_imp_ca_ead_paym_avg"; dataType: "string"; columnType: "PgDateString"; data: string; driverParam: string; notNull: false; hasDefault: false; isPrimaryKey: false; ... 5 more ...; generated: undefined; }, {}, {}>, right: string | SQLWrapper): SQL<...>', gave the following error.
    Argument of type '{}' is not assignable to parameter of type 'string | SQLWrapper'.
  Overload 2 of 3, '(left: Aliased<{}>, right: {} | SQLWrapper): SQL<unknown>', gave the following error.
    Argument of type 'PgColumn<{ name: "prc_date"; tableName: "frs9_imp_ca_ead_paym_avg"; dataType: "string"; columnType: "PgDateString"; data: string; driverParam: string; notNull: false; hasDefault: false; isPrimaryKey: false; ... 5 more ...; generated: undefined; }, {}, {}>' is not assignable to parameter of type 'Aliased<{}>'.
      Type 'PgColumn<{ name: "prc_date"; tableName: "frs9_imp_ca_ead_paym_avg"; dataType: "string"; columnType: "PgDateString"; data: string; driverParam: string; notNull: false; hasDefault: false; isPrimaryKey: false; ... 5 more ...; generated: undefined; }, {}, {}>' is missing the following properties from type 'Aliased<{}>': sql, fieldAlias
  Overload 3 of 3, '(left: never, right: unknown): SQL<unknown>', gave the following error.
    Argument of type 'PgColumn<{ name: "prc_date"; tableName: "frs9_imp_ca_ead_paym_avg"; dataType: "string"; columnType: "PgDateString"; data: string; driverParam: string; notNull: false; hasDefault: false; isPrimaryKey: false; ... 5 more ...; generated: undefined; }, {}, {}>' is not assignable to parameter of type 'never'.
src/check-ead-data.ts(34,48): error TS2769: No overload matches this call.
  Overload 1 of 3, '(left: PgColumn<{ name: "prc_date"; tableName: "frs9_imp_ca_ead_paym_avg"; dataType: "string"; columnType: "PgDateString"; data: string; driverParam: string; notNull: false; hasDefault: false; isPrimaryKey: false; ... 5 more ...; generated: undefined; }, {}, {}>, right: string | SQLWrapper): SQL<...>', gave the following error.
    Argument of type '{}' is not assignable to parameter of type 'string | SQLWrapper'.
  Overload 2 of 3, '(left: Aliased<{}>, right: {} | SQLWrapper): SQL<unknown>', gave the following error.
    Argument of type 'PgColumn<{ name: "prc_date"; tableName: "frs9_imp_ca_ead_paym_avg"; dataType: "string"; columnType: "PgDateString"; data: string; driverParam: string; notNull: false; hasDefault: false; isPrimaryKey: false; ... 5 more ...; generated: undefined; }, {}, {}>' is not assignable to parameter of type 'Aliased<{}>'.
      Type 'PgColumn<{ name: "prc_date"; tableName: "frs9_imp_ca_ead_paym_avg"; dataType: "string"; columnType: "PgDateString"; data: string; driverParam: string; notNull: false; hasDefault: false; isPrimaryKey: false; ... 5 more ...; generated: undefined; }, {}, {}>' is missing the following properties from type 'Aliased<{}>': sql, fieldAlias
  Overload 3 of 3, '(left: never, right: unknown): SQL<unknown>', gave the following error.
    Argument of type 'PgColumn<{ name: "prc_date"; tableName: "frs9_imp_ca_ead_paym_avg"; dataType: "string"; columnType: "PgDateString"; data: string; driverParam: string; notNull: false; hasDefault: false; isPrimaryKey: false; ... 5 more ...; generated: undefined; }, {}, {}>' is not assignable to parameter of type 'never'.
src/repositories/lgd-configurations.repository.ts(30,33): error TS2769: No overload matches this call.
  Overload 1 of 3, '(left: PgColumn<{ name: "lgd_method"; tableName: "frs9_imp_ca_lgd_config"; dataType: "number"; columnType: "PgBigInt53"; data: number; driverParam: string | number; notNull: false; hasDefault: false; ... 6 more ...; generated: undefined; }, {}, {}>, right: number | SQLWrapper): SQL<...>', gave the following error.
    Argument of type 'string | number' is not assignable to parameter of type 'number | SQLWrapper'.
      Type 'string' is not assignable to type 'number | SQLWrapper'.
  Overload 2 of 3, '(left: Aliased<string | number>, right: string | number | SQLWrapper): SQL<unknown>', gave the following error.
    Argument of type 'PgColumn<{ name: "lgd_method"; tableName: "frs9_imp_ca_lgd_config"; dataType: "number"; columnType: "PgBigInt53"; data: number; driverParam: string | number; notNull: false; hasDefault: false; ... 6 more ...; generated: undefined; }, {}, {}>' is not assignable to parameter of type 'Aliased<string | number>'.
      Type 'PgColumn<{ name: "lgd_method"; tableName: "frs9_imp_ca_lgd_config"; dataType: "number"; columnType: "PgBigInt53"; data: number; driverParam: string | number; notNull: false; hasDefault: false; ... 6 more ...; generated: undefined; }, {}, {}>' is missing the following properties from type 'Aliased<string | number>': sql, fieldAlias
  Overload 3 of 3, '(left: never, right: unknown): SQL<unknown>', gave the following error.
    Argument of type 'PgColumn<{ name: "lgd_method"; tableName: "frs9_imp_ca_lgd_config"; dataType: "number"; columnType: "PgBigInt53"; data: number; driverParam: string | number; notNull: false; hasDefault: false; ... 6 more ...; generated: undefined; }, {}, {}>' is not assignable to parameter of type 'never'.
src/services/users-with-approval.example.ts(131,25): error TS2353: Object literal may only specify known properties, and 'message' does not exist in type '{ readonly resource: string; readonly id: string | number; }'.
src/services/users-with-approval.example.ts(177,25): error TS2353: Object literal may only specify known properties, and 'message' does not exist in type '{ readonly resource: string; readonly id: string | number; }'.
src/test/lib/effect.runtime.test.ts(231,26): error TS2339: Property 'cause' does not exist on type 'Exit<never, DatabaseError>'.
  Property 'cause' does not exist on type 'Success<never, DatabaseError>'.
src/test/lib/effect.runtime.test.ts(251,26): error TS2339: Property 'cause' does not exist on type 'Exit<{ name?: string | undefined; }, ValidationError>'.
  Property 'cause' does not exist on type 'Success<{ name?: string | undefined; }, ValidationError>'.
src/test/routes/auth.response-contract.test.ts(101,41): error TS7006: Parameter 'p' implicitly has an 'any' type.
src/test/routes/business-settings.schema.test.ts(3,1): error TS2593: Cannot find name 'describe'. Do you need to install type definitions for a test runner? Try `npm i --save-dev @types/jest` or `npm i --save-dev @types/mocha` and then add 'jest' or 'mocha' to the types field in your tsconfig.
src/test/routes/business-settings.schema.test.ts(4,3): error TS2593: Cannot find name 'test'. Do you need to install type definitions for a test runner? Try `npm i --save-dev @types/jest` or `npm i --save-dev @types/mocha` and then add 'jest' or 'mocha' to the types field in your tsconfig.
src/test/routes/business-settings.schema.test.ts(17,5): error TS2304: Cannot find name 'expect'.
src/test/routes/business-settings.schema.test.ts(18,5): error TS2304: Cannot find name 'expect'.
src/test/routes/business-settings.schema.test.ts(19,5): error TS2304: Cannot find name 'expect'.
src/test/routes/business-settings.schema.test.ts(20,5): error TS2304: Cannot find name 'expect'.
src/test/routes/business-settings.schema.test.ts(21,5): error TS2304: Cannot find name 'expect'.
src/test/routes/business-settings.schema.test.ts(22,5): error TS2304: Cannot find name 'expect'.
src/test/routes/business-settings.schema.test.ts(25,3): error TS2593: Cannot find name 'test'. Do you need to install type definitions for a test runner? Try `npm i --save-dev @types/jest` or `npm i --save-dev @types/mocha` and then add 'jest' or 'mocha' to the types field in your tsconfig.
src/test/routes/business-settings.schema.test.ts(38,5): error TS2304: Cannot find name 'expect'.
src/test/routes/business-settings.schema.test.ts(39,5): error TS2304: Cannot find name 'expect'.
src/test/routes/business-settings.schema.test.ts(40,5): error TS2304: Cannot find name 'expect'.
src/test/routes/business-settings.schema.test.ts(41,5): error TS2304: Cannot find name 'expect'.
src/test/routes/business-settings.schema.test.ts(42,5): error TS2304: Cannot find name 'expect'.
src/test/routes/business-settings.schema.test.ts(43,5): error TS2304: Cannot find name 'expect'.
src/test/routes/business-settings.schema.test.ts(46,3): error TS2593: Cannot find name 'test'. Do you need to install type definitions for a test runner? Try `npm i --save-dev @types/jest` or `npm i --save-dev @types/mocha` and then add 'jest' or 'mocha' to the types field in your tsconfig.
src/test/routes/business-settings.schema.test.ts(49,5): error TS2304: Cannot find name 'expect'.
src/test/routes/business-settings.schema.test.ts(52,3): error TS2593: Cannot find name 'test'. Do you need to install type definitions for a test runner? Try `npm i --save-dev @types/jest` or `npm i --save-dev @types/mocha` and then add 'jest' or 'mocha' to the types field in your tsconfig.
src/test/routes/business-settings.schema.test.ts(53,5): error TS2304: Cannot find name 'expect'.
src/test/routes/notifications.response-contract.test.ts(118,58): error TS2493: Tuple type '[]' of length '0' has no element at index '0'.
src/test/services/approval.service.test.ts(388,24): error TS2339: Property 'cause' does not exist on type 'Exit<{ tenantId: string; description: string | null; title: string; status: string; id: string; createdAt: Date; matrixId: string | null; expiresAt: Date | null; entityType: string; ... 8 more ...; completedBy: string | null; }, DatabaseError | ConflictError>'.
  Property 'cause' does not exist on type 'Success<{ tenantId: string; description: string | null; title: string; status: string; id: string; createdAt: Date; matrixId: string | null; expiresAt: Date | null; entityType: string; ... 8 more ...; completedBy: string | null; }, DatabaseError | ConflictError>'.
src/test/services/approval.service.test.ts(494,24): error TS2339: Property 'cause' does not exist on type 'Exit<{ completed: boolean; status: string; }, DatabaseError | NotFoundError | AuthorizationError | BusinessError>'.
  Property 'cause' does not exist on type 'Success<{ completed: boolean; status: string; }, DatabaseError | NotFoundError | AuthorizationError | BusinessError>'.
src/test/services/approval.service.test.ts(519,24): error TS2339: Property 'cause' does not exist on type 'Exit<{ completed: boolean; status: string; }, DatabaseError | NotFoundError | AuthorizationError | BusinessError>'.
  Property 'cause' does not exist on type 'Success<{ completed: boolean; status: string; }, DatabaseError | NotFoundError | AuthorizationError | BusinessError>'.
src/test/services/approval.service.test.ts(626,24): error TS2339: Property 'cause' does not exist on type 'Exit<{ completed: boolean; status: string; }, DatabaseError | NotFoundError | AuthorizationError | BusinessError>'.
  Property 'cause' does not exist on type 'Success<{ completed: boolean; status: string; }, DatabaseError | NotFoundError | AuthorizationError | BusinessError>'.
src/test/services/approval.service.test.ts(646,24): error TS2339: Property 'cause' does not exist on type 'Exit<{ completed: boolean; status: string; }, DatabaseError | NotFoundError | BusinessError>'.
  Property 'cause' does not exist on type 'Success<{ completed: boolean; status: string; }, DatabaseError | NotFoundError | BusinessError>'.
src/test/services/approval.service.test.ts(841,24): error TS2339: Property 'cause' does not exist on type 'Exit<{ tenantId: string; description: string | null; title: string; status: string; id: string; createdAt: Date; matrixId: string | null; expiresAt: Date | null; entityType: string; ... 8 more ...; completedBy: string | null; }, DatabaseError | ConflictError>'.
  Property 'cause' does not exist on type 'Success<{ tenantId: string; description: string | null; title: string; status: string; id: string; createdAt: Date; matrixId: string | null; expiresAt: Date | null; entityType: string; ... 8 more ...; completedBy: string | null; }, DatabaseError | ConflictError>'.
src/test/services/approval.service.test.ts(925,24): error TS2339: Property 'cause' does not exist on type 'Exit<{ completed: boolean; status: string; }, DatabaseError | NotFoundError | AuthorizationError | BusinessError>'.
  Property 'cause' does not exist on type 'Success<{ completed: boolean; status: string; }, DatabaseError | NotFoundError | AuthorizationError | BusinessError>'.
src/test/services/approval.service.test.ts(949,24): error TS2339: Property 'cause' does not exist on type 'Exit<{ completed: boolean; status: string; }, DatabaseError | NotFoundError | AuthorizationError | BusinessError>'.
  Property 'cause' does not exist on type 'Success<{ completed: boolean; status: string; }, DatabaseError | NotFoundError | AuthorizationError | BusinessError>'.
src/test/services/approval.service.test.ts(985,24): error TS2339: Property 'cause' does not exist on type 'Exit<{ completed: boolean; status: string; }, DatabaseError | NotFoundError | AuthorizationError | BusinessError>'.
  Property 'cause' does not exist on type 'Success<{ completed: boolean; status: string; }, DatabaseError | NotFoundError | AuthorizationError | BusinessError>'.
src/test/services/approval.service.test.ts(1095,46): error TS2339: Property 'status' does not exist on type '{}'.
src/test/services/approval.service.test.ts(1096,46): error TS2339: Property 'approvalsReceived' does not exist on type '{}'.
src/test/services/approval.service.test.ts(1171,46): error TS2339: Property 'currentLevel' does not exist on type '{}'.
src/test/services/approval.service.test.ts(1221,46): error TS2339: Property 'status' does not exist on type '{}'.
src/test/services/approval.service.test.ts(1253,24): error TS2339: Property 'cause' does not exist on type 'Exit<{ completed: boolean; status: string; }, DatabaseError | NotFoundError | AuthorizationError | BusinessError>'.
  Property 'cause' does not exist on type 'Success<{ completed: boolean; status: string; }, DatabaseError | NotFoundError | AuthorizationError | BusinessError>'.
src/test/services/approval.service.test.ts(1254,24): error TS2339: Property 'cause' does not exist on type 'Exit<{ completed: boolean; status: string; }, DatabaseError | NotFoundError | AuthorizationError | BusinessError>'.
  Property 'cause' does not exist on type 'Success<{ completed: boolean; status: string; }, DatabaseError | NotFoundError | AuthorizationError | BusinessError>'.
src/test/services/approval.service.test.ts(1301,37): error TS2339: Property 'cause' does not exist on type 'Exit<{ completed: boolean; status: string; }, DatabaseError | NotFoundError | AuthorizationError | BusinessError>'.
  Property 'cause' does not exist on type 'Success<{ completed: boolean; status: string; }, DatabaseError | NotFoundError | AuthorizationError | BusinessError>'.
src/test/services/approval.service.test.ts(1345,24): error TS2339: Property 'cause' does not exist on type 'Exit<{ completed: boolean; status: string; }, DatabaseError | NotFoundError | AuthorizationError | BusinessError>'.
  Property 'cause' does not exist on type 'Success<{ completed: boolean; status: string; }, DatabaseError | NotFoundError | AuthorizationError | BusinessError>'.
src/test/services/approval.service.test.ts(1385,31): error TS2339: Property 'cause' does not exist on type 'Exit<{ completed: boolean; status: string; }, DatabaseError | NotFoundError | BusinessError>'.
  Property 'cause' does not exist on type 'Success<{ completed: boolean; status: string; }, DatabaseError | NotFoundError | BusinessError>'.
src/test/services/approval.service.test.ts(1401,30): error TS2339: Property 'cause' does not exist on type 'Exit<{ completed: boolean; status: string; }, DatabaseError | NotFoundError | BusinessError>'.
  Property 'cause' does not exist on type 'Success<{ completed: boolean; status: string; }, DatabaseError | NotFoundError | BusinessError>'.
src/test/services/approval.service.test.ts(1439,30): error TS2339: Property 'cause' does not exist on type 'Exit<{ tenantId: string; description: string | null; title: string; status: string; id: string; createdAt: Date; matrixId: string | null; expiresAt: Date | null; entityType: string; ... 8 more ...; completedBy: string | null; } & { ...; }, DatabaseError | NotFoundError>'.
  Property 'cause' does not exist on type 'Success<{ tenantId: string; description: string | null; title: string; status: string; id: string; createdAt: Date; matrixId: string | null; expiresAt: Date | null; entityType: string; ... 8 more ...; completedBy: string | null; } & { ...; }, DatabaseError | NotFoundError>'.
src/test/services/approval.service.test.ts(1670,24): error TS2339: Property 'cause' does not exist on type 'Exit<{ completed: boolean; status: string; }, DatabaseError | NotFoundError | BusinessError>'.
  Property 'cause' does not exist on type 'Success<{ completed: boolean; status: string; }, DatabaseError | NotFoundError | BusinessError>'.
src/test/services/approval.service.test.ts(1705,30): error TS2339: Property 'cause' does not exist on type 'Exit<any, DatabaseError>'.
  Property 'cause' does not exist on type 'Success<any, DatabaseError>'.
src/test/services/approval.service.test.ts(1930,34): error TS2339: Property 'cause' does not exist on type 'Exit<{ completed: boolean; status: string; }, DatabaseError | NotFoundError | AuthorizationError | BusinessError>'.
  Property 'cause' does not exist on type 'Success<{ completed: boolean; status: string; }, DatabaseError | NotFoundError | AuthorizationError | BusinessError>'.
src/test/services/approval.service.test.ts(1948,34): error TS2339: Property 'cause' does not exist on type 'Exit<{ completed: boolean; status: string; }, DatabaseError | NotFoundError | AuthorizationError | BusinessError>'.
  Property 'cause' does not exist on type 'Success<{ completed: boolean; status: string; }, DatabaseError | NotFoundError | AuthorizationError | BusinessError>'.
src/test/services/approval.service.test.ts(1966,38): error TS2339: Property 'cause' does not exist on type 'Exit<{ completed: boolean; status: string; }, DatabaseError | NotFoundError | AuthorizationError | BusinessError>'.
  Property 'cause' does not exist on type 'Success<{ completed: boolean; status: string; }, DatabaseError | NotFoundError | AuthorizationError | BusinessError>'.
src/test/services/approval.service.test.ts(2112,35): error TS2339: Property 'cause' does not exist on type 'Exit<{ completed: boolean; status: string; }, DatabaseError | NotFoundError | AuthorizationError | BusinessError>'.
  Property 'cause' does not exist on type 'Success<{ completed: boolean; status: string; }, DatabaseError | NotFoundError | AuthorizationError | BusinessError>'.
src/test/services/approval.service.test.ts(2133,35): error TS2339: Property 'cause' does not exist on type 'Exit<{ completed: boolean; status: string; }, DatabaseError | NotFoundError | AuthorizationError | BusinessError>'.
  Property 'cause' does not exist on type 'Success<{ completed: boolean; status: string; }, DatabaseError | NotFoundError | AuthorizationError | BusinessError>'.
src/test/services/notifications.service.test.ts(170,53): error TS2322: Type '"unknown"' is not assignable to type 'NotificationCategory'.
src/test/services/permission-approval.service.test.ts(148,99): error TS2769: No overload matches this call.
  Overload 1 of 2, '(expected: { tenantId: string; description: string | null; id: string; isActive: boolean; createdAt: Date; updatedAt: Date; permissionId: string; requiresApproval: boolean; minHierarchyLevel: number | null; requiredApprovers: number; matrixId: string | null; }[]): void', gave the following error.
    Type '{ id: string; }' is missing the following properties from type '{ tenantId: string; description: string | null; id: string; isActive: boolean; createdAt: Date; updatedAt: Date; permissionId: string; requiresApproval: boolean; minHierarchyLevel: number | null; requiredApprovers: number; matrixId: string | null; }': tenantId, description, isActive, createdAt, and 6 more.
  Overload 2 of 2, '(expected: NoInfer<{ tenantId: string; description: string | null; id: string; isActive: boolean; createdAt: Date; updatedAt: Date; permissionId: string; requiresApproval: boolean; minHierarchyLevel: number | null; requiredApprovers: number; matrixId: string | null; }[]>): void', gave the following error.
    Type '{ id: string; }' is missing the following properties from type '{ tenantId: string; description: string | null; id: string; isActive: boolean; createdAt: Date; updatedAt: Date; permissionId: string; requiresApproval: boolean; minHierarchyLevel: number | null; requiredApprovers: number; matrixId: string | null; }': tenantId, description, isActive, createdAt, and 6 more.
src/test/services/permission-approval.service.test.ts(157,15): error TS2769: No overload matches this call.
  Overload 1 of 2, '(expected: { tenantId: string; description: string | null; id: string; isActive: boolean; createdAt: Date; updatedAt: Date; permissionId: string; requiresApproval: boolean; minHierarchyLevel: number | null; requiredApprovers: number; matrixId: string | null; }): void', gave the following error.
    Argument of type '{ id: string; requiresApproval: true; }' is not assignable to parameter of type '{ tenantId: string; description: string | null; id: string; isActive: boolean; createdAt: Date; updatedAt: Date; permissionId: string; requiresApproval: boolean; minHierarchyLevel: number | null; requiredApprovers: number; matrixId: string | null; }'.
      Type '{ id: string; requiresApproval: true; }' is missing the following properties from type '{ tenantId: string; description: string | null; id: string; isActive: boolean; createdAt: Date; updatedAt: Date; permissionId: string; requiresApproval: boolean; minHierarchyLevel: number | null; requiredApprovers: number; matrixId: string | null; }': tenantId, description, isActive, createdAt, and 5 more.
  Overload 2 of 2, '(expected: NoInfer<{ tenantId: string; description: string | null; id: string; isActive: boolean; createdAt: Date; updatedAt: Date; permissionId: string; requiresApproval: boolean; minHierarchyLevel: number | null; requiredApprovers: number; matrixId: string | null; }>): void', gave the following error.
    Argument of type '{ id: string; requiresApproval: true; }' is not assignable to parameter of type '{ tenantId: string; description: string | null; id: string; isActive: boolean; createdAt: Date; updatedAt: Date; permissionId: string; requiresApproval: boolean; minHierarchyLevel: number | null; requiredApprovers: number; matrixId: string | null; }'.
      Type '{ id: string; requiresApproval: true; }' is missing the following properties from type '{ tenantId: string; description: string | null; id: string; isActive: boolean; createdAt: Date; updatedAt: Date; permissionId: string; requiresApproval: boolean; minHierarchyLevel: number | null; requiredApprovers: number; matrixId: string | null; }': tenantId, description, isActive, createdAt, and 5 more.
src/test/services/permission-approval.service.test.ts(266,24): error TS2339: Property 'cause' does not exist on type 'Exit<boolean, DatabaseError>'.
  Property 'cause' does not exist on type 'Success<boolean, DatabaseError>'.
src/test/services/rbac.service.test.ts(203,19): error TS2339: Property 'length' does not exist on type 'PaginatedResult<RoleWithPermissions>'.
src/test/services/rbac.service.test.ts(218,24): error TS2339: Property 'cause' does not exist on type 'Exit<PaginatedResult<RoleWithPermissions>, DatabaseError>'.
  Property 'cause' does not exist on type 'Success<PaginatedResult<RoleWithPermissions>, DatabaseError>'.
src/test/services/rbac.service.test.ts(240,24): error TS2339: Property 'cause' does not exist on type 'Exit<{ tenantId: string | null; description: string | null; id: string; isActive: boolean | null; createdAt: Date | null; updatedAt: Date | null; legacyId: number | null; ... 8 more ...; updatedBy: string | null; }, DatabaseError | ValidationError>'.
  Property 'cause' does not exist on type 'Success<{ tenantId: string | null; description: string | null; id: string; isActive: boolean | null; createdAt: Date | null; updatedAt: Date | null; legacyId: number | null; ... 8 more ...; updatedBy: string | null; }, DatabaseError | ValidationError>'.
src/test/services/rbac.service.test.ts(274,24): error TS2339: Property 'cause' does not exist on type 'Exit<{ tenantId: string | null; description: string | null; id: string; isActive: boolean | null; createdAt: Date | null; updatedAt: Date | null; legacyId: number | null; ... 8 more ...; updatedBy: string | null; }, DatabaseError | ... 1 more ... | BusinessError>'.
  Property 'cause' does not exist on type 'Success<{ tenantId: string | null; description: string | null; id: string; isActive: boolean | null; createdAt: Date | null; updatedAt: Date | null; legacyId: number | null; ... 8 more ...; updatedBy: string | null; }, DatabaseError | ... 1 more ... | BusinessError>'.
src/test/services/rbac.service.test.ts(297,27): error TS2339: Property 'cause' does not exist on type 'Exit<{ tenantId: string | null; description: string | null; id: string; isActive: boolean | null; createdAt: Date | null; updatedAt: Date | null; legacyId: number | null; ... 8 more ...; updatedBy: string | null; }, DatabaseError | ... 1 more ... | BusinessError>'.
  Property 'cause' does not exist on type 'Success<{ tenantId: string | null; description: string | null; id: string; isActive: boolean | null; createdAt: Date | null; updatedAt: Date | null; legacyId: number | null; ... 8 more ...; updatedBy: string | null; }, DatabaseError | ... 1 more ... | BusinessError>'.
src/test/services/rbac.service.test.ts(333,29): error TS2339: Property 'cause' does not exist on type 'Exit<{ tenantId: string; userId: string; id: string; isActive: boolean | null; createdAt: Date | null; updatedAt: Date | null; roleId: string; assignedBy: string | null; assignedAt: Date | null; ... 4 more ...; temporaryReason: string | null; }, DatabaseError | ... 1 more ... | NotFoundError>'.
  Property 'cause' does not exist on type 'Success<{ tenantId: string; userId: string; id: string; isActive: boolean | null; createdAt: Date | null; updatedAt: Date | null; roleId: string; assignedBy: string | null; assignedAt: Date | null; ... 4 more ...; temporaryReason: string | null; }, DatabaseError | ... 1 more ... | NotFoundError>'.
src/test/services/rbac.service.test.ts(355,25): error TS2769: No overload matches this call.
  Overload 1 of 2, '(expected: { tenantId: string; userId: string; id: string; isActive: boolean | null; createdAt: Date | null; updatedAt: Date | null; roleId: string; assignedBy: string | null; assignedAt: Date | null; ... 4 more ...; temporaryReason: string | null; }): void', gave the following error.
    Argument of type 'boolean' is not assignable to parameter of type '{ tenantId: string; userId: string; id: string; isActive: boolean | null; createdAt: Date | null; updatedAt: Date | null; roleId: string; assignedBy: string | null; assignedAt: Date | null; ... 4 more ...; temporaryReason: string | null; }'.
  Overload 2 of 2, '(expected: NoInfer<{ tenantId: string; userId: string; id: string; isActive: boolean | null; createdAt: Date | null; updatedAt: Date | null; roleId: string; assignedBy: string | null; assignedAt: Date | null; ... 4 more ...; temporaryReason: string | null; }>): void', gave the following error.
    Argument of type 'boolean' is not assignable to parameter of type '{ tenantId: string; userId: string; id: string; isActive: boolean | null; createdAt: Date | null; updatedAt: Date | null; roleId: string; assignedBy: string | null; assignedAt: Date | null; ... 4 more ...; temporaryReason: string | null; }'.
src/test/services/rbac.service.test.ts(435,20): error TS2769: No overload matches this call.
  Overload 2 of 2, '(expected: NoInfer<{ requiresApproval: boolean; requiredApprovalLevel: number | null; requiredApprovers: number; code: string; description: string | null; id: string; name: string; isActive: boolean; createdAt: Date; resource: string; action: string; module: string; category: string | null; }[]>): void', gave the following error.
    Type '{ id: string; code: string; requiresApproval: true; requiredApprovalLevel: number; requiredApprovers: number; }' is missing the following properties from type '{ requiresApproval: boolean; requiredApprovalLevel: number | null; requiredApprovers: number; code: string; description: string | null; id: string; name: string; isActive: boolean; createdAt: Date; resource: string; action: string; module: string; category: string | null; }': description, name, isActive, createdAt, and 4 more.
  Overload 2 of 2, '(expected: NoInfer<{ requiresApproval: boolean; requiredApprovalLevel: number | null; requiredApprovers: number; code: string; description: string | null; id: string; name: string; isActive: boolean; createdAt: Date; resource: string; action: string; module: string; category: string | null; }[]>): void', gave the following error.
    Type '{ id: string; code: string; requiresApproval: false; requiredApprovalLevel: null; requiredApprovers: number; }' is missing the following properties from type '{ requiresApproval: boolean; requiredApprovalLevel: number | null; requiredApprovers: number; code: string; description: string | null; id: string; name: string; isActive: boolean; createdAt: Date; resource: string; action: string; module: string; category: string | null; }': description, name, isActive, createdAt, and 4 more.
src/test/services/users.service.test.ts(147,24): error TS2339: Property 'cause' does not exist on type 'Exit<{ data: { tenantId: string | null; id: string; username: string; email: string; passwordHash: string; fullName: string; phone: string | null; department: string | null; position: string | null; ... 14 more ...; updatedAt: Date | null; }[]; total: number; }, DatabaseError>'.
  Property 'cause' does not exist on type 'Success<{ data: { tenantId: string | null; id: string; username: string; email: string; passwordHash: string; fullName: string; phone: string | null; department: string | null; position: string | null; ... 14 more ...; updatedAt: Date | null; }[]; total: number; }, DatabaseError>'.
src/test/services/users.service.test.ts(163,24): error TS2339: Property 'cause' does not exist on type 'Exit<{ tenantId: string | null; id: string; username: string; email: string; passwordHash: string; fullName: string; phone: string | null; department: string | null; position: string | null; ... 14 more ...; updatedAt: Date | null; }, DatabaseError | NotFoundError>'.
  Property 'cause' does not exist on type 'Success<{ tenantId: string | null; id: string; username: string; email: string; passwordHash: string; fullName: string; phone: string | null; department: string | null; position: string | null; ... 14 more ...; updatedAt: Date | null; }, DatabaseError | NotFoundError>'.
src/test/services/users.service.test.ts(174,29): error TS2769: No overload matches this call.
  Overload 1 of 2, '(expected: { total: number; active: number; inactive: number; verifiedEmail: number; }): void', gave the following error.
    Object literal may only specify known properties, and 'totalUsers' does not exist in type '{ total: number; active: number; inactive: number; verifiedEmail: number; }'.
  Overload 2 of 2, '(expected: NoInfer<{ total: number; active: number; inactive: number; verifiedEmail: number; }>): void', gave the following error.
    Object literal may only specify known properties, and 'totalUsers' does not exist in type '{ total: number; active: number; inactive: number; verifiedEmail: number; }'.
src/test/services/users.service.test.ts(210,24): error TS2339: Property 'cause' does not exist on type 'Exit<{ tenantId: string | null; id: string; username: string; email: string; passwordHash: string; fullName: string; phone: string | null; department: string | null; position: string | null; ... 14 more ...; updatedAt: Date | null; }, DatabaseError | ValidationError>'.
  Property 'cause' does not exist on type 'Success<{ tenantId: string | null; id: string; username: string; email: string; passwordHash: string; fullName: string; phone: string | null; department: string | null; position: string | null; ... 14 more ...; updatedAt: Date | null; }, DatabaseError | ValidationError>'.
src/test/services/users.service.test.ts(211,24): error TS2339: Property 'cause' does not exist on type 'Exit<{ tenantId: string | null; id: string; username: string; email: string; passwordHash: string; fullName: string; phone: string | null; department: string | null; position: string | null; ... 14 more ...; updatedAt: Date | null; }, DatabaseError | ValidationError>'.
  Property 'cause' does not exist on type 'Success<{ tenantId: string | null; id: string; username: string; email: string; passwordHash: string; fullName: string; phone: string | null; department: string | null; position: string | null; ... 14 more ...; updatedAt: Date | null; }, DatabaseError | ValidationError>'.
src/test/services/users.service.test.ts(223,28): error TS2339: Property 'cause' does not exist on type 'Exit<{ tenantId: string | null; id: string; username: string; email: string; passwordHash: string; fullName: string; phone: string | null; department: string | null; position: string | null; ... 14 more ...; updatedAt: Date | null; }, DatabaseError | ValidationError>'.
  Property 'cause' does not exist on type 'Success<{ tenantId: string | null; id: string; username: string; email: string; passwordHash: string; fullName: string; phone: string | null; department: string | null; position: string | null; ... 14 more ...; updatedAt: Date | null; }, DatabaseError | ValidationError>'.
src/test/services/users.service.test.ts(224,28): error TS2339: Property 'cause' does not exist on type 'Exit<{ tenantId: string | null; id: string; username: string; email: string; passwordHash: string; fullName: string; phone: string | null; department: string | null; position: string | null; ... 14 more ...; updatedAt: Date | null; }, DatabaseError | ValidationError>'.
  Property 'cause' does not exist on type 'Success<{ tenantId: string | null; id: string; username: string; email: string; passwordHash: string; fullName: string; phone: string | null; department: string | null; position: string | null; ... 14 more ...; updatedAt: Date | null; }, DatabaseError | ValidationError>'.
src/test/services/users.service.test.ts(235,30): error TS2339: Property 'cause' does not exist on type 'Exit<{ tenantId: string | null; id: string; username: string; email: string; passwordHash: string; fullName: string; phone: string | null; department: string | null; position: string | null; ... 14 more ...; updatedAt: Date | null; }, DatabaseError | ValidationError>'.
  Property 'cause' does not exist on type 'Success<{ tenantId: string | null; id: string; username: string; email: string; passwordHash: string; fullName: string; phone: string | null; department: string | null; position: string | null; ... 14 more ...; updatedAt: Date | null; }, DatabaseError | ValidationError>'.
src/test/services/users.service.test.ts(262,24): error TS2339: Property 'cause' does not exist on type 'Exit<{ tenantId: string | null; id: string; username: string; email: string; passwordHash: string; fullName: string; phone: string | null; department: string | null; position: string | null; ... 14 more ...; updatedAt: Date | null; }, DatabaseError | NotFoundError>'.
  Property 'cause' does not exist on type 'Success<{ tenantId: string | null; id: string; username: string; email: string; passwordHash: string; fullName: string; phone: string | null; department: string | null; position: string | null; ... 14 more ...; updatedAt: Date | null; }, DatabaseError | NotFoundError>'.
src/test/services/users.service.test.ts(263,24): error TS2339: Property 'cause' does not exist on type 'Exit<{ tenantId: string | null; id: string; username: string; email: string; passwordHash: string; fullName: string; phone: string | null; department: string | null; position: string | null; ... 14 more ...; updatedAt: Date | null; }, DatabaseError | NotFoundError>'.
  Property 'cause' does not exist on type 'Success<{ tenantId: string | null; id: string; username: string; email: string; passwordHash: string; fullName: string; phone: string | null; department: string | null; position: string | null; ... 14 more ...; updatedAt: Date | null; }, DatabaseError | NotFoundError>'.
src/test/services/users.service.test.ts(285,24): error TS2339: Property 'cause' does not exist on type 'Exit<{ tenantId: string | null; id: string; username: string; email: string; passwordHash: string; fullName: string; phone: string | null; department: string | null; position: string | null; ... 14 more ...; updatedAt: Date | null; }, DatabaseError | NotFoundError>'.
  Property 'cause' does not exist on type 'Success<{ tenantId: string | null; id: string; username: string; email: string; passwordHash: string; fullName: string; phone: string | null; department: string | null; position: string | null; ... 14 more ...; updatedAt: Date | null; }, DatabaseError | NotFoundError>'.
src/test/services/users.service.test.ts(286,24): error TS2339: Property 'cause' does not exist on type 'Exit<{ tenantId: string | null; id: string; username: string; email: string; passwordHash: string; fullName: string; phone: string | null; department: string | null; position: string | null; ... 14 more ...; updatedAt: Date | null; }, DatabaseError | NotFoundError>'.
  Property 'cause' does not exist on type 'Success<{ tenantId: string | null; id: string; username: string; email: string; passwordHash: string; fullName: string; phone: string | null; department: string | null; position: string | null; ... 14 more ...; updatedAt: Date | null; }, DatabaseError | NotFoundError>'.
